// Jest Snapshot v1, https://goo.gl/fbAQLP

exports[`should be possible to update a prop from the parent and it should reflect in the Description component 1`] = `"<div><div aria-describedby=\\"eslamdevui-description-1\\"><p data-count=\\"0\\" id=\\"eslamdevui-description-1\\">I am a description</p><button>+1</button></div></div>"`;

exports[`should be possible to update a prop from the parent and it should reflect in the Description component 2`] = `"<div><div aria-describedby=\\"eslamdevui-description-1\\"><p data-count=\\"1\\" id=\\"eslamdevui-description-1\\">I am a description</p><button>+1</button></div></div>"`;

exports[`should be possible to use useDescriptions and a single Description, and have them linked 1`] = `"<div><div aria-describedby=\\"eslamdevui-description-1\\"><p id=\\"eslamdevui-description-1\\">I am a description</p><span>Contents</span></div></div>"`;

exports[`should be possible to use useDescriptions and multiple Description components, and have them linked 1`] = `"<div><div aria-describedby=\\"eslamdevui-description-1 eslamdevui-description-2\\"><p id=\\"eslamdevui-description-1\\">I am a description</p><span>Contents</span><p id=\\"eslamdevui-description-2\\">I am also a description</p></div></div>"`;

exports[`should be possible to use useDescriptions without using a Description 1`] = `"<div><div>No description</div></div>"`;
