// Jest Snapshot v1, https://goo.gl/fbAQLP

exports[`should be possible to update a prop from the parent and it should reflect in the Label component 1`] = `"<div><div aria-labelledby=\\"eslamdevui-label-1\\"><label data-count=\\"0\\" id=\\"eslamdevui-label-1\\">I am a label</label><button>+1</button></div></div>"`;

exports[`should be possible to update a prop from the parent and it should reflect in the Label component 2`] = `"<div><div aria-labelledby=\\"eslamdevui-label-1\\"><label data-count=\\"1\\" id=\\"eslamdevui-label-1\\">I am a label</label><button>+1</button></div></div>"`;

exports[`should be possible to use useLabels and a single Label, and have them linked 1`] = `"<div><div aria-labelledby=\\"eslamdevui-label-1\\"><label id=\\"eslamdevui-label-1\\">I am a label</label><span>Contents</span></div></div>"`;

exports[`should be possible to use useLabels and multiple Label components, and have them linked 1`] = `"<div><div aria-labelledby=\\"eslamdevui-label-1 eslamdevui-label-2\\"><label id=\\"eslamdevui-label-1\\">I am a label</label><span>Contents</span><label id=\\"eslamdevui-label-2\\">I am also a label</label></div></div>"`;

exports[`should be possible to use useLabels without using a Label 1`] = `"<div><div>No label</div></div>"`;
