// Jest Snapshot v1, https://goo.gl/fbAQLP

exports[`should be possible to force the Portal into a specific element using Portal.Group 1`] = `"<div><main><aside id=\\"group-1\\">A<div data-eslamdevui-portal=\\"\\">Next to A</div></aside><section id=\\"group-2\\"><span>B</span></section></main></div><div id=\\"eslamdevui-portal-root\\"><div data-eslamdevui-portal=\\"\\">I am in the portal root</div></div>"`;
